2026-04-29 14:40:25,920 [WARNING] Row None has no openalex_id — skipping.
2026-04-29 14:40:25,920 [WARNING] Row None has no openalex_id — skipping.
2026-04-29 14:40:25,920 [WARNING] Row None has no openalex_id — skipping.
2026-04-29 14:40:25,920 [WARNING] Row None has no openalex_id — skipping.
2026-04-29 14:40:25,920 [WARNING] Row None has no openalex_id — skipping.
2026-04-29 14:40:25,920 [WARNING] Row None has no openalex_id — skipping.
2026-04-29 14:40:25,920 [WARNING] Row None has no openalex_id — skipping.
2026-04-29 14:40:25,920 [WARNING] Row None has no openalex_id — skipping.
2026-04-29 14:40:25,921 [WARNING] Row None has no openalex_id — skipping.
2026-04-29 14:40:25,921 [WARNING] Row None has no openalex_id — skipping.
2026-04-29 14:40:25,921 [WARNING] Row None has no openalex_id — skipping.
2026-04-29 14:40:25,921 [WARNING] Row None has no openalex_id — skipping.
2026-04-29 14:40:25,921 [WARNING] Row None has no openalex_id — skipping.
2026-04-29 14:40:25,921 [WARNING] Row None has no openalex_id — skipping.
2026-04-29 14:40:25,921 [WARNING] Row None has no openalex_id — skipping.
2026-04-29 14:40:25,921 [WARNING] Row None has no openalex_id — skipping.
2026-04-29 14:40:25,921 [WARNING] Row None has no openalex_id — skipping.
2026-04-29 14:40:25,921 [WARNING] Row None has no openalex_id — skipping.
2026-04-29 14:40:25,922 [WARNING] Row None has no openalex_id — skipping.
2026-04-29 14:40:25,922 [WARNING] Row None has no openalex_id — skipping.
2026-04-29 14:40:25,922 [WARNING] Row None has no openalex_id — skipping.
2026-04-29 14:40:25,922 [WARNING] Row None has no openalex_id — skipping.
2026-04-29 14:40:25,922 [WARNING] Row None has no openalex_id — skipping.
2026-04-29 14:40:25,922 [WARNING] Row None has no openalex_id — skipping.
2026-04-29 14:40:25,922 [WARNING] Row None has no openalex_id — skipping.
2026-04-29 14:40:25,922 [WARNING] Row None has no openalex_id — skipping.
2026-04-29 14:40:25,923 [WARNING] Row None has no openalex_id — skipping.
2026-04-29 14:40:25,923 [WARNING] Row None has no openalex_id — skipping.
2026-04-29 14:40:25,923 [WARNING] Row None has no openalex_id — skipping.
2026-04-29 14:40:25,923 [WARNING] Row None has no openalex_id — skipping.
2026-04-29 14:40:25,923 [WARNING] Row None has no openalex_id — skipping.
2026-04-29 14:40:25,923 [WARNING] Row None has no openalex_id — skipping.
2026-04-29 14:40:25,923 [WARNING] Row None has no openalex_id — skipping.
2026-04-29 14:40:25,923 [WARNING] Row None has no openalex_id — skipping.
2026-04-29 14:40:25,924 [WARNING] Row None has no openalex_id — skipping.
2026-04-29 14:40:25,924 [WARNING] Row None has no openalex_id — skipping.
2026-04-29 14:40:25,924 [WARNING] Row None has no openalex_id — skipping.
2026-04-29 14:40:25,924 [WARNING] Row None has no openalex_id — skipping.
2026-04-29 14:40:25,924 [WARNING] Row None has no openalex_id — skipping.
2026-04-29 14:40:25,924 [WARNING] Row None has no openalex_id — skipping.
2026-04-29 14:40:25,924 [WARNING] Row None has no openalex_id — skipping.
2026-04-29 14:40:25,924 [WARNING] Row None has no openalex_id — skipping.
2026-04-29 14:40:25,924 [WARNING] Row None has no openalex_id — skipping.
2026-04-29 14:40:25,924 [WARNING] Row None has no openalex_id — skipping.
2026-04-29 14:40:25,925 [WARNING] Row None has no openalex_id — skipping.
2026-04-29 14:40:25,925 [WARNING] Row None has no openalex_id — skipping.
2026-04-29 14:40:25,925 [WARNING] Row None has no openalex_id — skipping.
2026-04-29 14:40:25,925 [WARNING] Row None has no openalex_id — skipping.
2026-04-29 14:40:25,925 [WARNING] Row None has no openalex_id — skipping.
2026-04-29 14:40:25,925 [WARNING] Row None has no openalex_id — skipping.
2026-04-29 14:40:25,925 [WARNING] Row None has no openalex_id — skipping.
2026-04-29 14:40:25,925 [WARNING] Row None has no openalex_id — skipping.
2026-04-29 14:40:25,925 [WARNING] Row None has no openalex_id — skipping.
2026-04-29 14:40:25,925 [WARNING] Row None has no openalex_id — skipping.
2026-04-29 14:40:25,926 [WARNING] Row None has no openalex_id — skipping.
2026-04-29 14:40:25,926 [WARNING] Row None has no openalex_id — skipping.
2026-04-29 14:40:25,926 [WARNING] Row None has no openalex_id — skipping.
2026-04-29 14:40:25,926 [WARNING] Row None has no openalex_id — skipping.
2026-04-29 14:40:25,926 [WARNING] Row None has no openalex_id — skipping.
2026-04-29 14:40:25,926 [WARNING] Row None has no openalex_id — skipping.
2026-04-29 14:40:25,926 [WARNING] Row None has no openalex_id — skipping.
2026-04-29 14:40:25,926 [WARNING] Row None has no openalex_id — skipping.
2026-04-29 14:40:25,926 [WARNING] Row None has no openalex_id — skipping.
2026-04-29 14:40:25,926 [WARNING] Row None has no openalex_id — skipping.
2026-04-29 14:40:25,926 [WARNING] Row None has no openalex_id — skipping.
2026-04-29 14:40:25,926 [WARNING] Row None has no openalex_id — skipping.
2026-04-29 14:40:25,926 [WARNING] Row None has no openalex_id — skipping.
2026-04-29 14:40:25,926 [WARNING] Row None has no openalex_id — skipping.
2026-04-29 14:40:25,927 [WARNING] Row None has no openalex_id — skipping.
2026-04-29 14:40:25,927 [WARNING] Row None has no openalex_id — skipping.
2026-04-29 14:40:25,927 [WARNING] Row None has no openalex_id — skipping.
2026-04-29 14:40:25,927 [WARNING] Row None has no openalex_id — skipping.
2026-04-29 14:40:25,927 [WARNING] Row None has no openalex_id — skipping.
2026-04-29 14:40:25,927 [WARNING] Row None has no openalex_id — skipping.
2026-04-29 14:40:25,927 [WARNING] Row None has no openalex_id — skipping.
2026-04-29 14:40:25,927 [WARNING] Row None has no openalex_id — skipping.
2026-04-29 14:40:25,927 [WARNING] Row None has no openalex_id — skipping.
2026-04-29 14:40:25,927 [WARNING] Row None has no openalex_id — skipping.
2026-04-29 14:40:25,928 [WARNING] Row None has no openalex_id — skipping.
2026-04-29 14:40:25,928 [WARNING] Row None has no openalex_id — skipping.
2026-04-29 14:40:25,928 [WARNING] Row None has no openalex_id — skipping.
2026-04-29 14:40:25,928 [WARNING] Row None has no openalex_id — skipping.
2026-04-29 14:40:25,928 [WARNING] Row None has no openalex_id — skipping.
2026-04-29 14:40:25,928 [WARNING] Row None has no openalex_id — skipping.
2026-04-29 14:40:25,928 [WARNING] Row None has no openalex_id — skipping.
2026-04-29 14:40:25,928 [WARNING] Row None has no openalex_id — skipping.
2026-04-29 14:40:25,928 [WARNING] Row None has no openalex_id — skipping.
2026-04-29 14:40:25,928 [WARNING] Row None has no openalex_id — skipping.
2026-04-29 14:40:25,929 [WARNING] Row None has no openalex_id — skipping.
2026-04-29 14:40:25,929 [WARNING] Row None has no openalex_id — skipping.
2026-04-29 14:40:25,929 [WARNING] Row None has no openalex_id — skipping.
2026-04-29 14:40:25,929 [WARNING] Row None has no openalex_id — skipping.
2026-04-29 14:40:25,929 [WARNING] Row None has no openalex_id — skipping.
2026-04-29 14:40:25,929 [WARNING] Row None has no openalex_id — skipping.
2026-04-29 14:40:25,929 [WARNING] Row None has no openalex_id — skipping.
2026-04-29 14:40:25,929 [WARNING] Row None has no openalex_id — skipping.
2026-04-29 14:40:25,929 [WARNING] Row None has no openalex_id — skipping.
2026-04-29 14:40:25,929 [WARNING] Row None has no openalex_id — skipping.
2026-04-29 14:40:25,929 [WARNING] Row None has no openalex_id — skipping.
2026-04-29 14:40:25,929 [WARNING] Row None has no openalex_id — skipping.
2026-04-29 14:40:25,929 [WARNING] Row None has no openalex_id — skipping.
2026-04-29 14:40:25,929 [WARNING] Row None has no openalex_id — skipping.
2026-04-29 14:40:25,930 [WARNING] Row None has no openalex_id — skipping.
2026-04-29 14:40:25,930 [WARNING] Row None has no openalex_id — skipping.
2026-04-29 14:40:25,930 [WARNING] Row None has no openalex_id — skipping.
2026-04-29 14:40:25,930 [WARNING] Row None has no openalex_id — skipping.
2026-04-29 14:40:25,930 [WARNING] Row None has no openalex_id — skipping.
2026-04-29 14:40:25,930 [WARNING] Row None has no openalex_id — skipping.
2026-04-29 14:40:25,930 [WARNING] Row None has no openalex_id — skipping.
2026-04-29 14:40:25,930 [WARNING] Row None has no openalex_id — skipping.
2026-04-29 14:40:25,930 [WARNING] Row None has no openalex_id — skipping.
2026-04-29 14:40:25,930 [WARNING] Row None has no openalex_id — skipping.
2026-04-29 14:40:25,930 [WARNING] Row None has no openalex_id — skipping.
2026-04-29 14:40:25,930 [WARNING] Row None has no openalex_id — skipping.
2026-04-29 14:40:25,930 [WARNING] Row None has no openalex_id — skipping.
2026-04-29 14:40:25,930 [WARNING] Row None has no openalex_id — skipping.
2026-04-29 14:40:25,930 [WARNING] Row None has no openalex_id — skipping.
2026-04-29 14:40:25,930 [WARNING] Row None has no openalex_id — skipping.
2026-04-29 14:40:25,930 [WARNING] Row None has no openalex_id — skipping.
2026-04-29 14:40:25,930 [WARNING] Row None has no openalex_id — skipping.
2026-04-29 14:40:25,930 [WARNING] Row None has no openalex_id — skipping.
2026-04-29 14:40:25,930 [WARNING] Row None has no openalex_id — skipping.
2026-04-29 14:40:25,930 [WARNING] Row None has no openalex_id — skipping.
2026-04-29 14:40:25,930 [WARNING] Row None has no openalex_id — skipping.
2026-04-29 14:40:25,930 [WARNING] Row None has no openalex_id — skipping.
2026-04-29 14:40:25,930 [WARNING] Row None has no openalex_id — skipping.
2026-04-29 14:40:25,930 [WARNING] Row None has no openalex_id — skipping.
2026-04-29 14:40:25,930 [WARNING] Row None has no openalex_id — skipping.
2026-04-29 14:40:25,930 [WARNING] Row None has no openalex_id — skipping.
2026-04-29 14:40:25,930 [WARNING] Row None has no openalex_id — skipping.
2026-04-29 14:40:25,930 [WARNING] Row None has no openalex_id — skipping.
2026-04-29 14:40:25,930 [WARNING] Row None has no openalex_id — skipping.
2026-04-29 14:40:25,931 [WARNING] Row None has no openalex_id — skipping.
2026-04-29 14:40:25,931 [WARNING] Row None has no openalex_id — skipping.
2026-04-29 14:40:25,931 [WARNING] Row None has no openalex_id — skipping.
2026-04-29 14:40:25,931 [WARNING] Row None has no openalex_id — skipping.
2026-04-29 14:40:25,931 [WARNING] Row None has no openalex_id — skipping.
2026-04-29 14:40:25,931 [WARNING] Row None has no openalex_id — skipping.
2026-04-29 14:40:25,931 [WARNING] Row None has no openalex_id — skipping.
2026-04-29 14:40:25,931 [WARNING] Row None has no openalex_id — skipping.
2026-04-29 14:40:25,931 [WARNING] Row None has no openalex_id — skipping.
2026-04-29 14:40:25,931 [WARNING] Row None has no openalex_id — skipping.
2026-04-29 14:40:25,931 [WARNING] Row None has no openalex_id — skipping.
2026-04-29 14:40:25,931 [WARNING] Row None has no openalex_id — skipping.
2026-04-29 14:40:25,931 [WARNING] Row None has no openalex_id — skipping.
2026-04-29 14:40:25,931 [WARNING] Row None has no openalex_id — skipping.
2026-04-29 14:40:25,932 [WARNING] Row None has no openalex_id — skipping.
2026-04-29 14:40:25,932 [WARNING] Row None has no openalex_id — skipping.
2026-04-29 14:40:25,932 [WARNING] Row None has no openalex_id — skipping.
2026-04-29 14:40:25,932 [WARNING] Row None has no openalex_id — skipping.
2026-04-29 14:40:25,932 [WARNING] Row None has no openalex_id — skipping.
2026-04-29 14:40:25,932 [WARNING] Row None has no openalex_id — skipping.
2026-04-29 14:40:25,932 [WARNING] Row None has no openalex_id — skipping.
2026-04-29 14:40:25,932 [WARNING] Row None has no openalex_id — skipping.
2026-04-29 14:40:25,932 [WARNING] Row None has no openalex_id — skipping.
2026-04-29 14:40:25,932 [WARNING] Row None has no openalex_id — skipping.
2026-04-29 14:40:25,933 [WARNING] Row None has no openalex_id — skipping.
2026-04-29 14:40:25,933 [WARNING] Row None has no openalex_id — skipping.
2026-04-29 14:40:25,933 [WARNING] Row None has no openalex_id — skipping.
2026-04-29 14:40:25,933 [WARNING] Row None has no openalex_id — skipping.
2026-04-29 14:40:25,933 [WARNING] Row None has no openalex_id — skipping.
2026-04-29 14:40:25,933 [WARNING] Row None has no openalex_id — skipping.
2026-04-29 14:40:25,933 [WARNING] Row None has no openalex_id — skipping.
2026-04-29 14:40:25,933 [WARNING] Row None has no openalex_id — skipping.
2026-04-29 14:40:25,933 [WARNING] Row None has no openalex_id — skipping.
2026-04-29 14:40:25,933 [WARNING] Row None has no openalex_id — skipping.
2026-04-29 14:40:25,934 [WARNING] Row None has no openalex_id — skipping.
2026-04-29 14:40:25,934 [WARNING] Row None has no openalex_id — skipping.
2026-04-29 14:40:25,934 [WARNING] Row None has no openalex_id — skipping.
2026-04-29 14:40:25,934 [WARNING] Row None has no openalex_id — skipping.
2026-04-29 14:40:25,934 [WARNING] Row None has no openalex_id — skipping.
2026-04-29 14:40:25,934 [WARNING] Row None has no openalex_id — skipping.
2026-04-29 14:40:25,934 [WARNING] Row None has no openalex_id — skipping.
2026-04-29 14:40:25,934 [WARNING] Row None has no openalex_id — skipping.
2026-04-29 14:40:25,934 [WARNING] Row None has no openalex_id — skipping.
2026-04-29 14:40:25,934 [WARNING] Row None has no openalex_id — skipping.
2026-04-29 14:40:25,934 [WARNING] Row None has no openalex_id — skipping.
2026-04-29 14:40:25,934 [WARNING] Row None has no openalex_id — skipping.
2026-04-29 14:40:25,934 [WARNING] Row None has no openalex_id — skipping.
2026-04-29 14:40:25,934 [WARNING] Row None has no openalex_id — skipping.
2026-04-29 14:40:25,935 [WARNING] Row None has no openalex_id — skipping.
2026-04-29 14:40:25,935 [WARNING] Row None has no openalex_id — skipping.
2026-04-29 14:40:25,935 [WARNING] Row None has no openalex_id — skipping.
2026-04-29 14:40:25,935 [WARNING] Row None has no openalex_id — skipping.
2026-04-29 14:40:25,935 [WARNING] Row None has no openalex_id — skipping.
2026-04-29 14:40:25,935 [WARNING] Row None has no openalex_id — skipping.
2026-04-29 14:40:25,935 [WARNING] Row None has no openalex_id — skipping.
2026-04-29 14:40:25,935 [WARNING] Row None has no openalex_id — skipping.
2026-04-29 14:40:25,935 [WARNING] Row None has no openalex_id — skipping.
2026-04-29 14:40:25,935 [WARNING] Row None has no openalex_id — skipping.
2026-04-29 14:40:25,936 [WARNING] Row None has no openalex_id — skipping.
2026-04-29 14:40:25,936 [WARNING] Row None has no openalex_id — skipping.
2026-04-29 14:40:25,936 [WARNING] Row None has no openalex_id — skipping.
2026-04-29 14:40:25,936 [WARNING] Row None has no openalex_id — skipping.
2026-04-29 14:40:25,936 [WARNING] Row None has no openalex_id — skipping.
2026-04-29 14:40:25,936 [WARNING] Row None has no openalex_id — skipping.
2026-04-29 14:40:25,936 [WARNING] Row None has no openalex_id — skipping.
2026-04-29 14:40:25,936 [WARNING] Row None has no openalex_id — skipping.
2026-04-29 14:40:25,936 [WARNING] Row None has no openalex_id — skipping.
2026-04-29 14:40:25,936 [WARNING] Row None has no openalex_id — skipping.
2026-04-29 14:40:25,937 [WARNING] No rows to write → /home/ramir713/PublicationAnalysis/data/machine_learning_data/openalex_output/authors.csv
2026-04-29 14:40:25,937 [WARNING] No rows to write → /home/ramir713/PublicationAnalysis/data/machine_learning_data/openalex_output/authors.csv
2026-04-29 14:40:25,937 [WARNING] No rows to write → /home/ramir713/PublicationAnalysis/data/machine_learning_data/openalex_output/works.csv
2026-04-29 14:40:25,937 [WARNING] No rows to write → /home/ramir713/PublicationAnalysis/data/machine_learning_data/openalex_output/works.csv
2026-04-29 14:40:25,937 [WARNING] No rows to write → /home/ramir713/PublicationAnalysis/data/machine_learning_data/openalex_output/sources.csv
2026-04-29 14:40:25,937 [WARNING] No rows to write → /home/ramir713/PublicationAnalysis/data/machine_learning_data/openalex_output/sources.csv
2026-04-29 14:40:25,938 [INFO] Total works retrieved: 0
2026-04-29 14:40:25,938 [INFO] Total works retrieved: 0
2026-04-29 14:41:43,135 [WARNING] Row None has no openalex_id — skipping.
2026-04-29 14:41:43,135 [WARNING] Row None has no openalex_id — skipping.
2026-04-29 14:41:43,135 [WARNING] Row None has no openalex_id — skipping.
2026-04-29 14:41:43,135 [WARNING] Row None has no openalex_id — skipping.
2026-04-29 14:41:43,135 [WARNING] Row None has no openalex_id — skipping.
2026-04-29 14:41:43,135 [WARNING] Row None has no openalex_id — skipping.
2026-04-29 14:41:43,135 [WARNING] Row None has no openalex_id — skipping.
2026-04-29 14:41:43,135 [WARNING] Row None has no openalex_id — skipping.
2026-04-29 14:41:43,135 [WARNING] Row None has no openalex_id — skipping.
2026-04-29 14:41:43,135 [WARNING] Row None has no openalex_id — skipping.
2026-04-29 14:41:43,135 [WARNING] Row None has no openalex_id — skipping.
2026-04-29 14:41:43,135 [WARNING] Row None has no openalex_id — skipping.
2026-04-29 14:41:43,135 [WARNING] Row None has no openalex_id — skipping.
2026-04-29 14:41:43,135 [WARNING] Row None has no openalex_id — skipping.
2026-04-29 14:41:43,135 [WARNING] Row None has no openalex_id — skipping.
2026-04-29 14:41:43,135 [WARNING] Row None has no openalex_id — skipping.
2026-04-29 14:41:43,136 [WARNING] Row None has no openalex_id — skipping.
2026-04-29 14:41:43,136 [WARNING] Row None has no openalex_id — skipping.
2026-04-29 14:41:43,136 [WARNING] Row None has no openalex_id — skipping.
2026-04-29 14:41:43,136 [WARNING] Row None has no openalex_id — skipping.
2026-04-29 14:41:43,136 [WARNING] Row None has no openalex_id — skipping.
2026-04-29 14:41:43,136 [WARNING] Row None has no openalex_id — skipping.
2026-04-29 14:41:43,137 [WARNING] Row None has no openalex_id — skipping.
2026-04-29 14:41:43,137 [WARNING] Row None has no openalex_id — skipping.
2026-04-29 14:41:43,137 [WARNING] Row None has no openalex_id — skipping.
2026-04-29 14:41:43,137 [WARNING] Row None has no openalex_id — skipping.
2026-04-29 14:41:43,137 [WARNING] Row None has no openalex_id — skipping.
2026-04-29 14:41:43,137 [WARNING] Row None has no openalex_id — skipping.
2026-04-29 14:41:43,138 [WARNING] Row None has no openalex_id — skipping.
2026-04-29 14:41:43,138 [WARNING] Row None has no openalex_id — skipping.
2026-04-29 14:41:43,138 [WARNING] Row None has no openalex_id — skipping.
2026-04-29 14:41:43,138 [WARNING] Row None has no openalex_id — skipping.
2026-04-29 14:41:43,138 [WARNING] Row None has no openalex_id — skipping.
2026-04-29 14:41:43,138 [WARNING] Row None has no openalex_id — skipping.
2026-04-29 14:41:43,138 [WARNING] Row None has no openalex_id — skipping.
2026-04-29 14:41:43,138 [WARNING] Row None has no openalex_id — skipping.
2026-04-29 14:41:43,138 [WARNING] Row None has no openalex_id — skipping.
2026-04-29 14:41:43,138 [WARNING] Row None has no openalex_id — skipping.
2026-04-29 14:41:43,139 [WARNING] Row None has no openalex_id — skipping.
2026-04-29 14:41:43,139 [WARNING] Row None has no openalex_id — skipping.
2026-04-29 14:41:43,139 [WARNING] Row None has no openalex_id — skipping.
2026-04-29 14:41:43,139 [WARNING] Row None has no openalex_id — skipping.
2026-04-29 14:41:43,139 [WARNING] Row None has no openalex_id — skipping.
2026-04-29 14:41:43,139 [WARNING] Row None has no openalex_id — skipping.
2026-04-29 14:41:43,140 [WARNING] Row None has no openalex_id — skipping.
2026-04-29 14:41:43,140 [WARNING] Row None has no openalex_id — skipping.
2026-04-29 14:41:43,140 [WARNING] Row None has no openalex_id — skipping.
2026-04-29 14:41:43,140 [WARNING] Row None has no openalex_id — skipping.
2026-04-29 14:41:43,140 [WARNING] Row None has no openalex_id — skipping.
2026-04-29 14:41:43,140 [WARNING] Row None has no openalex_id — skipping.
2026-04-29 14:41:43,140 [WARNING] Row None has no openalex_id — skipping.
2026-04-29 14:41:43,140 [WARNING] Row None has no openalex_id — skipping.
2026-04-29 14:41:43,140 [WARNING] Row None has no openalex_id — skipping.
2026-04-29 14:41:43,140 [WARNING] Row None has no openalex_id — skipping.
2026-04-29 14:41:43,140 [WARNING] Row None has no openalex_id — skipping.
2026-04-29 14:41:43,140 [WARNING] Row None has no openalex_id — skipping.
2026-04-29 14:41:43,140 [WARNING] Row None has no openalex_id — skipping.
2026-04-29 14:41:43,140 [WARNING] Row None has no openalex_id — skipping.
2026-04-29 14:41:43,141 [WARNING] Row None has no openalex_id — skipping.
2026-04-29 14:41:43,141 [WARNING] Row None has no openalex_id — skipping.
2026-04-29 14:41:43,141 [WARNING] Row None has no openalex_id — skipping.
2026-04-29 14:41:43,141 [WARNING] Row None has no openalex_id — skipping.
2026-04-29 14:41:43,142 [WARNING] Row None has no openalex_id — skipping.
2026-04-29 14:41:43,142 [WARNING] Row None has no openalex_id — skipping.
2026-04-29 14:41:43,142 [WARNING] Row None has no openalex_id — skipping.
2026-04-29 14:41:43,142 [WARNING] Row None has no openalex_id — skipping.
2026-04-29 14:41:43,142 [WARNING] Row None has no openalex_id — skipping.
2026-04-29 14:41:43,142 [WARNING] Row None has no openalex_id — skipping.
2026-04-29 14:41:43,142 [WARNING] Row None has no openalex_id — skipping.
2026-04-29 14:41:43,142 [WARNING] Row None has no openalex_id — skipping.
2026-04-29 14:41:43,143 [WARNING] Row None has no openalex_id — skipping.
2026-04-29 14:41:43,143 [WARNING] Row None has no openalex_id — skipping.
2026-04-29 14:41:43,143 [WARNING] Row None has no openalex_id — skipping.
2026-04-29 14:41:43,143 [WARNING] Row None has no openalex_id — skipping.
2026-04-29 14:41:43,143 [WARNING] Row None has no openalex_id — skipping.
2026-04-29 14:41:43,143 [WARNING] Row None has no openalex_id — skipping.
2026-04-29 14:41:43,143 [WARNING] Row None has no openalex_id — skipping.
2026-04-29 14:41:43,143 [WARNING] Row None has no openalex_id — skipping.
2026-04-29 14:41:43,143 [WARNING] Row None has no openalex_id — skipping.
2026-04-29 14:41:43,143 [WARNING] Row None has no openalex_id — skipping.
2026-04-29 14:41:43,143 [WARNING] Row None has no openalex_id — skipping.
2026-04-29 14:41:43,143 [WARNING] Row None has no openalex_id — skipping.
2026-04-29 14:41:43,144 [WARNING] Row None has no openalex_id — skipping.
2026-04-29 14:41:43,144 [WARNING] Row None has no openalex_id — skipping.
2026-04-29 14:41:43,144 [WARNING] Row None has no openalex_id — skipping.
2026-04-29 14:41:43,144 [WARNING] Row None has no openalex_id — skipping.
2026-04-29 14:41:43,144 [WARNING] Row None has no openalex_id — skipping.
2026-04-29 14:41:43,144 [WARNING] Row None has no openalex_id — skipping.
2026-04-29 14:41:43,144 [WARNING] Row None has no openalex_id — skipping.
2026-04-29 14:41:43,144 [WARNING] Row None has no openalex_id — skipping.
2026-04-29 14:41:43,145 [WARNING] Row None has no openalex_id — skipping.
2026-04-29 14:41:43,145 [WARNING] Row None has no openalex_id — skipping.
2026-04-29 14:41:43,145 [WARNING] Row None has no openalex_id — skipping.
2026-04-29 14:41:43,145 [WARNING] Row None has no openalex_id — skipping.
2026-04-29 14:41:43,145 [WARNING] Row None has no openalex_id — skipping.
2026-04-29 14:41:43,145 [WARNING] Row None has no openalex_id — skipping.
2026-04-29 14:41:43,146 [WARNING] Row None has no openalex_id — skipping.
2026-04-29 14:41:43,146 [WARNING] Row None has no openalex_id — skipping.
2026-04-29 14:41:43,146 [WARNING] Row None has no openalex_id — skipping.
2026-04-29 14:41:43,146 [WARNING] Row None has no openalex_id — skipping.
2026-04-29 14:41:43,146 [WARNING] Row None has no openalex_id — skipping.
2026-04-29 14:41:43,146 [WARNING] Row None has no openalex_id — skipping.
2026-04-29 14:41:43,146 [WARNING] Row None has no openalex_id — skipping.
2026-04-29 14:41:43,146 [WARNING] Row None has no openalex_id — skipping.
2026-04-29 14:41:43,147 [WARNING] Row None has no openalex_id — skipping.
2026-04-29 14:41:43,147 [WARNING] Row None has no openalex_id — skipping.
2026-04-29 14:41:43,147 [WARNING] Row None has no openalex_id — skipping.
2026-04-29 14:41:43,147 [WARNING] Row None has no openalex_id — skipping.
2026-04-29 14:41:43,147 [WARNING] Row None has no openalex_id — skipping.
2026-04-29 14:41:43,147 [WARNING] Row None has no openalex_id — skipping.
2026-04-29 14:41:43,147 [WARNING] Row None has no openalex_id — skipping.
2026-04-29 14:41:43,147 [WARNING] Row None has no openalex_id — skipping.
2026-04-29 14:41:43,147 [WARNING] Row None has no openalex_id — skipping.
2026-04-29 14:41:43,147 [WARNING] Row None has no openalex_id — skipping.
2026-04-29 14:41:43,147 [WARNING] Row None has no openalex_id — skipping.
2026-04-29 14:41:43,147 [WARNING] Row None has no openalex_id — skipping.
2026-04-29 14:41:43,148 [WARNING] Row None has no openalex_id — skipping.
2026-04-29 14:41:43,148 [WARNING] Row None has no openalex_id — skipping.
2026-04-29 14:41:43,148 [WARNING] Row None has no openalex_id — skipping.
2026-04-29 14:41:43,148 [WARNING] Row None has no openalex_id — skipping.
2026-04-29 14:41:43,148 [WARNING] Row None has no openalex_id — skipping.
2026-04-29 14:41:43,148 [WARNING] Row None has no openalex_id — skipping.
2026-04-29 14:41:43,148 [WARNING] Row None has no openalex_id — skipping.
2026-04-29 14:41:43,148 [WARNING] Row None has no openalex_id — skipping.
2026-04-29 14:41:43,148 [WARNING] Row None has no openalex_id — skipping.
2026-04-29 14:41:43,148 [WARNING] Row None has no openalex_id — skipping.
2026-04-29 14:41:43,149 [WARNING] Row None has no openalex_id — skipping.
2026-04-29 14:41:43,149 [WARNING] Row None has no openalex_id — skipping.
2026-04-29 14:41:43,149 [WARNING] Row None has no openalex_id — skipping.
2026-04-29 14:41:43,149 [WARNING] Row None has no openalex_id — skipping.
2026-04-29 14:41:43,149 [WARNING] Row None has no openalex_id — skipping.
2026-04-29 14:41:43,149 [WARNING] Row None has no openalex_id — skipping.
2026-04-29 14:41:43,149 [WARNING] Row None has no openalex_id — skipping.
2026-04-29 14:41:43,149 [WARNING] Row None has no openalex_id — skipping.
2026-04-29 14:41:43,149 [WARNING] Row None has no openalex_id — skipping.
2026-04-29 14:41:43,149 [WARNING] Row None has no openalex_id — skipping.
2026-04-29 14:41:43,149 [WARNING] Row None has no openalex_id — skipping.
2026-04-29 14:41:43,149 [WARNING] Row None has no openalex_id — skipping.
2026-04-29 14:41:43,150 [WARNING] Row None has no openalex_id — skipping.
2026-04-29 14:41:43,150 [WARNING] Row None has no openalex_id — skipping.
2026-04-29 14:41:43,150 [WARNING] Row None has no openalex_id — skipping.
2026-04-29 14:41:43,150 [WARNING] Row None has no openalex_id — skipping.
2026-04-29 14:41:43,150 [WARNING] Row None has no openalex_id — skipping.
2026-04-29 14:41:43,150 [WARNING] Row None has no openalex_id — skipping.
2026-04-29 14:41:43,150 [WARNING] Row None has no openalex_id — skipping.
2026-04-29 14:41:43,150 [WARNING] Row None has no openalex_id — skipping.
2026-04-29 14:41:43,150 [WARNING] Row None has no openalex_id — skipping.
2026-04-29 14:41:43,150 [WARNING] Row None has no openalex_id — skipping.
2026-04-29 14:41:43,150 [WARNING] Row None has no openalex_id — skipping.
2026-04-29 14:41:43,150 [WARNING] Row None has no openalex_id — skipping.
2026-04-29 14:41:43,151 [WARNING] Row None has no openalex_id — skipping.
2026-04-29 14:41:43,151 [WARNING] Row None has no openalex_id — skipping.
2026-04-29 14:41:43,151 [WARNING] Row None has no openalex_id — skipping.
2026-04-29 14:41:43,151 [WARNING] Row None has no openalex_id — skipping.
2026-04-29 14:41:43,151 [WARNING] Row None has no openalex_id — skipping.
2026-04-29 14:41:43,151 [WARNING] Row None has no openalex_id — skipping.
2026-04-29 14:41:43,151 [WARNING] Row None has no openalex_id — skipping.
2026-04-29 14:41:43,151 [WARNING] Row None has no openalex_id — skipping.
2026-04-29 14:41:43,152 [WARNING] Row None has no openalex_id — skipping.
2026-04-29 14:41:43,152 [WARNING] Row None has no openalex_id — skipping.
2026-04-29 14:41:43,152 [WARNING] Row None has no openalex_id — skipping.
2026-04-29 14:41:43,152 [WARNING] Row None has no openalex_id — skipping.
2026-04-29 14:41:43,152 [WARNING] Row None has no openalex_id — skipping.
2026-04-29 14:41:43,152 [WARNING] Row None has no openalex_id — skipping.
2026-04-29 14:41:43,152 [WARNING] Row None has no openalex_id — skipping.
2026-04-29 14:41:43,152 [WARNING] Row None has no openalex_id — skipping.
2026-04-29 14:41:43,153 [WARNING] Row None has no openalex_id — skipping.
2026-04-29 14:41:43,153 [WARNING] Row None has no openalex_id — skipping.
2026-04-29 14:41:43,153 [WARNING] Row None has no openalex_id — skipping.
2026-04-29 14:41:43,153 [WARNING] Row None has no openalex_id — skipping.
2026-04-29 14:41:43,153 [WARNING] Row None has no openalex_id — skipping.
2026-04-29 14:41:43,153 [WARNING] Row None has no openalex_id — skipping.
2026-04-29 14:41:43,153 [WARNING] Row None has no openalex_id — skipping.
2026-04-29 14:41:43,153 [WARNING] Row None has no openalex_id — skipping.
2026-04-29 14:41:43,154 [WARNING] Row None has no openalex_id — skipping.
2026-04-29 14:41:43,154 [WARNING] Row None has no openalex_id — skipping.
2026-04-29 14:41:43,154 [WARNING] Row None has no openalex_id — skipping.
2026-04-29 14:41:43,154 [WARNING] Row None has no openalex_id — skipping.
2026-04-29 14:41:43,154 [WARNING] Row None has no openalex_id — skipping.
2026-04-29 14:41:43,154 [WARNING] Row None has no openalex_id — skipping.
2026-04-29 14:41:43,154 [WARNING] Row None has no openalex_id — skipping.
2026-04-29 14:41:43,154 [WARNING] Row None has no openalex_id — skipping.
2026-04-29 14:41:43,154 [WARNING] Row None has no openalex_id — skipping.
2026-04-29 14:41:43,154 [WARNING] Row None has no openalex_id — skipping.
2026-04-29 14:41:43,154 [WARNING] Row None has no openalex_id — skipping.
2026-04-29 14:41:43,154 [WARNING] Row None has no openalex_id — skipping.
2026-04-29 14:41:43,155 [WARNING] Row None has no openalex_id — skipping.
2026-04-29 14:41:43,155 [WARNING] Row None has no openalex_id — skipping.
2026-04-29 14:41:43,155 [WARNING] Row None has no openalex_id — skipping.
2026-04-29 14:41:43,155 [WARNING] Row None has no openalex_id — skipping.
2026-04-29 14:41:43,155 [WARNING] Row None has no openalex_id — skipping.
2026-04-29 14:41:43,155 [WARNING] Row None has no openalex_id — skipping.
2026-04-29 14:41:43,155 [WARNING] Row None has no openalex_id — skipping.
2026-04-29 14:41:43,155 [WARNING] Row None has no openalex_id — skipping.
2026-04-29 14:41:43,156 [WARNING] Row None has no openalex_id — skipping.
2026-04-29 14:41:43,156 [WARNING] Row None has no openalex_id — skipping.
2026-04-29 14:41:43,156 [WARNING] Row None has no openalex_id — skipping.
2026-04-29 14:41:43,156 [WARNING] Row None has no openalex_id — skipping.
2026-04-29 14:41:43,156 [WARNING] Row None has no openalex_id — skipping.
2026-04-29 14:41:43,156 [WARNING] Row None has no openalex_id — skipping.
2026-04-29 14:41:43,156 [WARNING] No rows to write → /home/ramir713/PublicationAnalysis/data/machine_learning_data/openalex_output/authors.csv
2026-04-29 14:41:43,156 [WARNING] No rows to write → /home/ramir713/PublicationAnalysis/data/machine_learning_data/openalex_output/authors.csv
2026-04-29 14:41:43,156 [WARNING] No rows to write → /home/ramir713/PublicationAnalysis/data/machine_learning_data/openalex_output/works.csv
2026-04-29 14:41:43,156 [WARNING] No rows to write → /home/ramir713/PublicationAnalysis/data/machine_learning_data/openalex_output/works.csv
2026-04-29 14:41:43,156 [WARNING] No rows to write → /home/ramir713/PublicationAnalysis/data/machine_learning_data/openalex_output/sources.csv
2026-04-29 14:41:43,156 [WARNING] No rows to write → /home/ramir713/PublicationAnalysis/data/machine_learning_data/openalex_output/sources.csv
2026-04-29 14:41:43,157 [INFO] Total works retrieved: 0
2026-04-29 14:41:43,157 [INFO] Total works retrieved: 0
2026-04-29 14:43:06,259 [WARNING] Row None has no openalex_id — skipping.
2026-04-29 14:43:06,259 [WARNING] Row None has no openalex_id — skipping.
2026-04-29 14:43:06,260 [WARNING] Row None has no openalex_id — skipping.
2026-04-29 14:43:06,260 [WARNING] Row None has no openalex_id — skipping.
2026-04-29 14:43:06,260 [WARNING] Row None has no openalex_id — skipping.
2026-04-29 14:43:06,260 [WARNING] Row None has no openalex_id — skipping.
2026-04-29 14:43:06,260 [WARNING] Row None has no openalex_id — skipping.
2026-04-29 14:43:06,260 [WARNING] Row None has no openalex_id — skipping.
2026-04-29 14:43:06,261 [WARNING] Row None has no openalex_id — skipping.
2026-04-29 14:43:06,261 [WARNING] Row None has no openalex_id — skipping.
2026-04-29 14:43:06,261 [WARNING] Row None has no openalex_id — skipping.
2026-04-29 14:43:06,261 [WARNING] Row None has no openalex_id — skipping.
2026-04-29 14:43:06,261 [WARNING] Row None has no openalex_id — skipping.
2026-04-29 14:43:06,261 [WARNING] Row None has no openalex_id — skipping.
2026-04-29 14:43:06,261 [WARNING] Row None has no openalex_id — skipping.
2026-04-29 14:43:06,261 [WARNING] Row None has no openalex_id — skipping.
2026-04-29 14:43:06,261 [WARNING] Row None has no openalex_id — skipping.
2026-04-29 14:43:06,261 [WARNING] Row None has no openalex_id — skipping.
2026-04-29 14:43:06,261 [WARNING] Row None has no openalex_id — skipping.
2026-04-29 14:43:06,261 [WARNING] Row None has no openalex_id — skipping.
2026-04-29 14:43:06,261 [WARNING] Row None has no openalex_id — skipping.
2026-04-29 14:43:06,261 [WARNING] Row None has no openalex_id — skipping.
2026-04-29 14:43:06,262 [WARNING] Row None has no openalex_id — skipping.
2026-04-29 14:43:06,262 [WARNING] Row None has no openalex_id — skipping.
2026-04-29 14:43:06,262 [WARNING] Row None has no openalex_id — skipping.
2026-04-29 14:43:06,262 [WARNING] Row None has no openalex_id — skipping.
2026-04-29 14:43:06,262 [WARNING] Row None has no openalex_id — skipping.
2026-04-29 14:43:06,262 [WARNING] Row None has no openalex_id — skipping.
2026-04-29 14:43:06,262 [WARNING] Row None has no openalex_id — skipping.
2026-04-29 14:43:06,262 [WARNING] Row None has no openalex_id — skipping.
2026-04-29 14:43:06,262 [WARNING] Row None has no openalex_id — skipping.
2026-04-29 14:43:06,262 [WARNING] Row None has no openalex_id — skipping.
2026-04-29 14:43:06,262 [WARNING] Row None has no openalex_id — skipping.
2026-04-29 14:43:06,262 [WARNING] Row None has no openalex_id — skipping.
2026-04-29 14:43:06,263 [WARNING] Row None has no openalex_id — skipping.
2026-04-29 14:43:06,263 [WARNING] Row None has no openalex_id — skipping.
2026-04-29 14:43:06,263 [WARNING] Row None has no openalex_id — skipping.
2026-04-29 14:43:06,263 [WARNING] Row None has no openalex_id — skipping.
2026-04-29 14:43:06,263 [WARNING] Row None has no openalex_id — skipping.
2026-04-29 14:43:06,263 [WARNING] Row None has no openalex_id — skipping.
2026-04-29 14:43:06,263 [WARNING] Row None has no openalex_id — skipping.
2026-04-29 14:43:06,263 [WARNING] Row None has no openalex_id — skipping.
2026-04-29 14:43:33,737 [ERROR]   Failed fetching works: 'NoneType' object has no attribute 'endswith'
2026-04-29 14:43:33,737 [ERROR]   Failed fetching works: 'NoneType' object has no attribute 'endswith'
2026-04-29 14:43:38,503 [ERROR]   Failed fetching works: 'NoneType' object has no attribute 'endswith'
2026-04-29 14:43:38,503 [ERROR]   Failed fetching works: 'NoneType' object has no attribute 'endswith'
2026-04-29 14:43:43,201 [ERROR]   Failed fetching works: 'NoneType' object has no attribute 'endswith'
2026-04-29 14:43:43,201 [ERROR]   Failed fetching works: 'NoneType' object has no attribute 'endswith'
2026-04-29 14:43:47,883 [ERROR]   Failed fetching works: 'NoneType' object has no attribute 'endswith'
2026-04-29 14:43:47,883 [ERROR]   Failed fetching works: 'NoneType' object has no attribute 'endswith'
2026-04-29 14:43:51,690 [ERROR]   Failed fetching works: 'NoneType' object has no attribute 'endswith'
2026-04-29 14:43:51,690 [ERROR]   Failed fetching works: 'NoneType' object has no attribute 'endswith'
2026-04-29 14:43:52,558 [ERROR]   Failed fetching works: 'NoneType' object has no attribute 'endswith'
2026-04-29 14:43:52,558 [ERROR]   Failed fetching works: 'NoneType' object has no attribute 'endswith'
2026-04-29 14:43:53,722 [ERROR]   Failed fetching works: 'NoneType' object has no attribute 'endswith'
2026-04-29 14:43:53,722 [ERROR]   Failed fetching works: 'NoneType' object has no attribute 'endswith'
2026-04-29 14:43:56,182 [ERROR]   Failed fetching works: 'NoneType' object has no attribute 'endswith'
2026-04-29 14:43:56,182 [ERROR]   Failed fetching works: 'NoneType' object has no attribute 'endswith'
2026-04-29 14:43:56,826 [ERROR]   Failed fetching works: 'NoneType' object has no attribute 'endswith'
2026-04-29 14:43:56,826 [ERROR]   Failed fetching works: 'NoneType' object has no attribute 'endswith'
2026-04-29 14:43:58,255 [ERROR]   Failed fetching works: 'NoneType' object has no attribute 'endswith'
2026-04-29 14:43:58,255 [ERROR]   Failed fetching works: 'NoneType' object has no attribute 'endswith'
2026-04-29 14:44:02,011 [ERROR]   Failed fetching works: 'NoneType' object has no attribute 'endswith'
2026-04-29 14:44:02,011 [ERROR]   Failed fetching works: 'NoneType' object has no attribute 'endswith'
2026-04-29 14:44:02,579 [ERROR]   Failed fetching works: 'NoneType' object has no attribute 'endswith'
2026-04-29 14:44:02,579 [ERROR]   Failed fetching works: 'NoneType' object has no attribute 'endswith'
2026-04-29 14:44:03,722 [ERROR]   Failed fetching works: 'NoneType' object has no attribute 'endswith'
2026-04-29 14:44:03,722 [ERROR]   Failed fetching works: 'NoneType' object has no attribute 'endswith'
2026-04-29 14:44:04,521 [ERROR]   Failed fetching works: 'NoneType' object has no attribute 'endswith'
2026-04-29 14:44:04,521 [ERROR]   Failed fetching works: 'NoneType' object has no attribute 'endswith'
2026-04-29 14:44:05,126 [ERROR]   Failed fetching works: 'NoneType' object has no attribute 'endswith'
2026-04-29 14:44:05,126 [ERROR]   Failed fetching works: 'NoneType' object has no attribute 'endswith'
2026-04-29 14:44:08,681 [ERROR]   Failed fetching works: 'NoneType' object has no attribute 'endswith'
2026-04-29 14:44:08,681 [ERROR]   Failed fetching works: 'NoneType' object has no attribute 'endswith'
2026-04-29 14:44:11,588 [ERROR]   Failed fetching works: 'NoneType' object has no attribute 'endswith'
2026-04-29 14:44:11,588 [ERROR]   Failed fetching works: 'NoneType' object has no attribute 'endswith'
2026-04-29 14:44:12,198 [ERROR]   Failed fetching works: 'NoneType' object has no attribute 'endswith'
2026-04-29 14:44:12,198 [ERROR]   Failed fetching works: 'NoneType' object has no attribute 'endswith'
2026-04-29 14:44:13,223 [ERROR]   Failed fetching works: 'NoneType' object has no attribute 'endswith'
2026-04-29 14:44:13,223 [ERROR]   Failed fetching works: 'NoneType' object has no attribute 'endswith'
2026-04-29 14:44:14,167 [ERROR]   Failed fetching works: 'NoneType' object has no attribute 'endswith'
2026-04-29 14:44:14,167 [ERROR]   Failed fetching works: 'NoneType' object has no attribute 'endswith'
2026-04-29 14:44:15,047 [ERROR]   Failed fetching works: 'NoneType' object has no attribute 'endswith'
2026-04-29 14:44:15,047 [ERROR]   Failed fetching works: 'NoneType' object has no attribute 'endswith'
2026-04-29 14:44:23,673 [ERROR]   Failed fetching works: 'NoneType' object has no attribute 'endswith'
2026-04-29 14:44:23,673 [ERROR]   Failed fetching works: 'NoneType' object has no attribute 'endswith'
2026-04-29 14:44:26,076 [ERROR]   Failed fetching works: 'NoneType' object has no attribute 'endswith'
2026-04-29 14:44:26,076 [ERROR]   Failed fetching works: 'NoneType' object has no attribute 'endswith'
2026-04-29 14:44:27,357 [ERROR]   Failed fetching works: 'NoneType' object has no attribute 'endswith'
2026-04-29 14:44:27,357 [ERROR]   Failed fetching works: 'NoneType' object has no attribute 'endswith'
2026-04-29 14:44:31,005 [ERROR]   Failed fetching works: 'NoneType' object has no attribute 'endswith'
2026-04-29 14:44:31,005 [ERROR]   Failed fetching works: 'NoneType' object has no attribute 'endswith'
2026-04-29 14:44:31,538 [ERROR]   Failed fetching works: 'NoneType' object has no attribute 'endswith'
2026-04-29 14:44:31,538 [ERROR]   Failed fetching works: 'NoneType' object has no attribute 'endswith'
2026-04-29 14:44:33,314 [ERROR]   Failed fetching works: 'NoneType' object has no attribute 'endswith'
2026-04-29 14:44:33,314 [ERROR]   Failed fetching works: 'NoneType' object has no attribute 'endswith'
2026-04-29 14:44:35,277 [ERROR]   Failed fetching works: 'NoneType' object has no attribute 'endswith'
2026-04-29 14:44:35,277 [ERROR]   Failed fetching works: 'NoneType' object has no attribute 'endswith'
2026-04-29 14:44:37,659 [ERROR]   Failed fetching works: 'NoneType' object has no attribute 'endswith'
2026-04-29 14:44:37,659 [ERROR]   Failed fetching works: 'NoneType' object has no attribute 'endswith'
2026-04-29 14:44:38,732 [ERROR]   Failed fetching works: 'NoneType' object has no attribute 'endswith'
2026-04-29 14:44:38,732 [ERROR]   Failed fetching works: 'NoneType' object has no attribute 'endswith'
2026-04-29 14:44:40,144 [ERROR]   Failed fetching works: 'NoneType' object has no attribute 'endswith'
2026-04-29 14:44:40,144 [ERROR]   Failed fetching works: 'NoneType' object has no attribute 'endswith'
2026-04-29 14:44:41,424 [ERROR]   Failed fetching works: 'NoneType' object has no attribute 'endswith'
2026-04-29 14:44:41,424 [ERROR]   Failed fetching works: 'NoneType' object has no attribute 'endswith'
2026-04-29 14:44:42,900 [ERROR]   Failed fetching works: 'NoneType' object has no attribute 'endswith'
2026-04-29 14:44:42,900 [ERROR]   Failed fetching works: 'NoneType' object has no attribute 'endswith'
2026-04-29 14:44:44,182 [ERROR]   Failed fetching works: 'NoneType' object has no attribute 'endswith'
2026-04-29 14:44:44,182 [ERROR]   Failed fetching works: 'NoneType' object has no attribute 'endswith'
2026-04-29 14:44:45,700 [ERROR]   Failed fetching works: 'NoneType' object has no attribute 'endswith'
2026-04-29 14:44:45,700 [ERROR]   Failed fetching works: 'NoneType' object has no attribute 'endswith'
2026-04-29 14:44:46,756 [ERROR]   Failed fetching works: 'NoneType' object has no attribute 'endswith'
2026-04-29 14:44:46,756 [ERROR]   Failed fetching works: 'NoneType' object has no attribute 'endswith'
2026-04-29 14:44:47,491 [ERROR]   Failed fetching works: 'NoneType' object has no attribute 'endswith'
2026-04-29 14:44:47,491 [ERROR]   Failed fetching works: 'NoneType' object has no attribute 'endswith'
2026-04-29 14:44:48,335 [ERROR]   Failed fetching works: 'NoneType' object has no attribute 'endswith'
2026-04-29 14:44:48,335 [ERROR]   Failed fetching works: 'NoneType' object has no attribute 'endswith'
2026-04-29 14:44:49,687 [ERROR]   Failed fetching works: 'NoneType' object has no attribute 'endswith'
2026-04-29 14:44:49,687 [ERROR]   Failed fetching works: 'NoneType' object has no attribute 'endswith'
2026-04-29 14:44:51,582 [ERROR]   Failed fetching works: 'NoneType' object has no attribute 'endswith'
2026-04-29 14:44:51,582 [ERROR]   Failed fetching works: 'NoneType' object has no attribute 'endswith'
2026-04-29 14:44:52,379 [ERROR]   Failed fetching works: 'NoneType' object has no attribute 'endswith'
2026-04-29 14:44:52,379 [ERROR]   Failed fetching works: 'NoneType' object has no attribute 'endswith'
2026-04-29 14:44:53,480 [ERROR]   Failed fetching works: 'NoneType' object has no attribute 'endswith'
2026-04-29 14:44:53,480 [ERROR]   Failed fetching works: 'NoneType' object has no attribute 'endswith'
2026-04-29 14:44:55,418 [ERROR]   Failed fetching works: 'NoneType' object has no attribute 'endswith'
2026-04-29 14:44:55,418 [ERROR]   Failed fetching works: 'NoneType' object has no attribute 'endswith'
2026-04-29 14:44:56,786 [ERROR]   Failed fetching works: 'NoneType' object has no attribute 'endswith'
2026-04-29 14:44:56,786 [ERROR]   Failed fetching works: 'NoneType' object has no attribute 'endswith'
2026-04-29 14:44:57,564 [ERROR]   Failed fetching works: 'NoneType' object has no attribute 'endswith'
2026-04-29 14:44:57,564 [ERROR]   Failed fetching works: 'NoneType' object has no attribute 'endswith'
2026-04-29 14:44:58,204 [ERROR]   Failed fetching works: 'NoneType' object has no attribute 'endswith'
2026-04-29 14:44:58,204 [ERROR]   Failed fetching works: 'NoneType' object has no attribute 'endswith'
2026-04-29 14:45:00,299 [ERROR]   Failed fetching works: 'NoneType' object has no attribute 'endswith'
2026-04-29 14:45:00,299 [ERROR]   Failed fetching works: 'NoneType' object has no attribute 'endswith'
2026-04-29 14:45:01,476 [ERROR]   Failed fetching works: 'NoneType' object has no attribute 'endswith'
2026-04-29 14:45:01,476 [ERROR]   Failed fetching works: 'NoneType' object has no attribute 'endswith'
2026-04-29 14:45:03,219 [ERROR]   Failed fetching works: 'NoneType' object has no attribute 'endswith'
2026-04-29 14:45:03,219 [ERROR]   Failed fetching works: 'NoneType' object has no attribute 'endswith'
2026-04-29 14:45:04,851 [ERROR]   Failed fetching works: 'NoneType' object has no attribute 'endswith'
2026-04-29 14:45:04,851 [ERROR]   Failed fetching works: 'NoneType' object has no attribute 'endswith'
2026-04-29 14:45:06,985 [ERROR]   Failed fetching works: 'NoneType' object has no attribute 'endswith'
2026-04-29 14:45:06,985 [ERROR]   Failed fetching works: 'NoneType' object has no attribute 'endswith'
2026-04-29 14:45:08,471 [ERROR]   Failed fetching works: 'NoneType' object has no attribute 'endswith'
2026-04-29 14:45:08,471 [ERROR]   Failed fetching works: 'NoneType' object has no attribute 'endswith'
2026-04-29 14:45:09,118 [ERROR]   Failed fetching works: 'NoneType' object has no attribute 'endswith'
2026-04-29 14:45:09,118 [ERROR]   Failed fetching works: 'NoneType' object has no attribute 'endswith'
2026-04-29 14:45:10,346 [ERROR]   Failed fetching works: 'NoneType' object has no attribute 'endswith'
2026-04-29 14:45:10,346 [ERROR]   Failed fetching works: 'NoneType' object has no attribute 'endswith'
2026-04-29 14:45:11,430 [ERROR]   Failed fetching works: 'NoneType' object has no attribute 'endswith'
2026-04-29 14:45:11,430 [ERROR]   Failed fetching works: 'NoneType' object has no attribute 'endswith'
2026-04-29 14:45:12,407 [ERROR]   Failed fetching works: 'NoneType' object has no attribute 'endswith'
2026-04-29 14:45:12,407 [ERROR]   Failed fetching works: 'NoneType' object has no attribute 'endswith'
2026-04-29 14:45:13,457 [ERROR]   Failed fetching works: 'NoneType' object has no attribute 'endswith'
2026-04-29 14:45:13,457 [ERROR]   Failed fetching works: 'NoneType' object has no attribute 'endswith'
2026-04-29 14:45:14,876 [ERROR]   Failed fetching works: 'NoneType' object has no attribute 'endswith'
2026-04-29 14:45:14,876 [ERROR]   Failed fetching works: 'NoneType' object has no attribute 'endswith'
2026-04-29 14:53:48,331 [WARNING] Row 11 has no openalex_id — skipping.
2026-04-29 14:53:48,331 [WARNING] Row 11 has no openalex_id — skipping.
2026-04-29 14:53:48,331 [WARNING] Row 12 has no openalex_id — skipping.
2026-04-29 14:53:48,331 [WARNING] Row 12 has no openalex_id — skipping.
2026-04-29 14:53:48,331 [WARNING] Row 13 has no openalex_id — skipping.
2026-04-29 14:53:48,331 [WARNING] Row 13 has no openalex_id — skipping.
2026-04-29 14:53:48,332 [WARNING] Row 14 has no openalex_id — skipping.
2026-04-29 14:53:48,332 [WARNING] Row 14 has no openalex_id — skipping.
2026-04-29 14:53:48,332 [WARNING] Row 15 has no openalex_id — skipping.
2026-04-29 14:53:48,332 [WARNING] Row 15 has no openalex_id — skipping.
2026-04-29 14:53:48,332 [WARNING] Row 16 has no openalex_id — skipping.
2026-04-29 14:53:48,332 [WARNING] Row 16 has no openalex_id — skipping.
2026-04-29 14:53:48,332 [WARNING] Row 17 has no openalex_id — skipping.
2026-04-29 14:53:48,332 [WARNING] Row 17 has no openalex_id — skipping.
2026-04-29 14:53:48,333 [WARNING] Row 18 has no openalex_id — skipping.
2026-04-29 14:53:48,333 [WARNING] Row 18 has no openalex_id — skipping.
2026-04-29 14:53:48,333 [WARNING] Row 19 has no openalex_id — skipping.
2026-04-29 14:53:48,333 [WARNING] Row 19 has no openalex_id — skipping.
2026-04-29 14:53:48,333 [WARNING] Row 20 has no openalex_id — skipping.
2026-04-29 14:53:48,333 [WARNING] Row 20 has no openalex_id — skipping.
2026-04-29 14:53:48,333 [WARNING] Row 21 has no openalex_id — skipping.
2026-04-29 14:53:48,333 [WARNING] Row 21 has no openalex_id — skipping.
2026-04-29 14:53:48,334 [WARNING] Row 22 has no openalex_id — skipping.
2026-04-29 14:53:48,334 [WARNING] Row 22 has no openalex_id — skipping.
2026-04-29 14:53:48,334 [WARNING] Row 23 has no openalex_id — skipping.
2026-04-29 14:53:48,334 [WARNING] Row 23 has no openalex_id — skipping.
2026-04-29 14:53:48,334 [WARNING] Row 24 has no openalex_id — skipping.
2026-04-29 14:53:48,334 [WARNING] Row 24 has no openalex_id — skipping.
2026-04-29 14:53:48,334 [WARNING] Row 25 has no openalex_id — skipping.
2026-04-29 14:53:48,334 [WARNING] Row 25 has no openalex_id — skipping.
2026-04-29 14:53:48,334 [WARNING] Row 26 has no openalex_id — skipping.
2026-04-29 14:53:48,334 [WARNING] Row 26 has no openalex_id — skipping.
2026-04-29 14:53:48,335 [WARNING] Row 27 has no openalex_id — skipping.
2026-04-29 14:53:48,335 [WARNING] Row 27 has no openalex_id — skipping.
2026-04-29 14:53:48,335 [WARNING] Row 31 has no openalex_id — skipping.
2026-04-29 14:53:48,335 [WARNING] Row 31 has no openalex_id — skipping.
2026-04-29 14:53:48,335 [WARNING] Row 81 has no openalex_id — skipping.
2026-04-29 14:53:48,335 [WARNING] Row 81 has no openalex_id — skipping.
2026-04-29 14:53:48,335 [WARNING] Row 90 has no openalex_id — skipping.
2026-04-29 14:53:48,335 [WARNING] Row 90 has no openalex_id — skipping.
2026-04-29 14:53:48,335 [WARNING] Row 100 has no openalex_id — skipping.
2026-04-29 14:53:48,335 [WARNING] Row 100 has no openalex_id — skipping.
2026-04-29 15:01:23,158 [INFO] Total works retrieved: 9,796
2026-04-29 15:01:23,158 [INFO] Total works retrieved: 9,796
2026-04-29 15:29:55,038 [WARNING] Row 11 has no openalex_id — skipping.
2026-04-29 15:29:55,038 [WARNING] Row 11 has no openalex_id — skipping.
2026-04-29 15:29:55,039 [WARNING] Row 12 has no openalex_id — skipping.
2026-04-29 15:29:55,039 [WARNING] Row 12 has no openalex_id — skipping.
2026-04-29 15:29:55,039 [WARNING] Row 13 has no openalex_id — skipping.
2026-04-29 15:29:55,039 [WARNING] Row 13 has no openalex_id — skipping.
2026-04-29 15:29:55,039 [WARNING] Row 14 has no openalex_id — skipping.
2026-04-29 15:29:55,039 [WARNING] Row 14 has no openalex_id — skipping.
2026-04-29 15:29:55,039 [WARNING] Row 15 has no openalex_id — skipping.
2026-04-29 15:29:55,039 [WARNING] Row 15 has no openalex_id — skipping.
2026-04-29 15:29:55,040 [WARNING] Row 16 has no openalex_id — skipping.
2026-04-29 15:29:55,040 [WARNING] Row 16 has no openalex_id — skipping.
2026-04-29 15:29:55,040 [WARNING] Row 17 has no openalex_id — skipping.
2026-04-29 15:29:55,040 [WARNING] Row 17 has no openalex_id — skipping.
2026-04-29 15:29:55,040 [WARNING] Row 18 has no openalex_id — skipping.
2026-04-29 15:29:55,040 [WARNING] Row 18 has no openalex_id — skipping.
2026-04-29 15:29:55,041 [WARNING] Row 19 has no openalex_id — skipping.
2026-04-29 15:29:55,041 [WARNING] Row 19 has no openalex_id — skipping.
2026-04-29 15:29:55,041 [WARNING] Row 20 has no openalex_id — skipping.
2026-04-29 15:29:55,041 [WARNING] Row 20 has no openalex_id — skipping.
2026-04-29 15:29:55,042 [WARNING] Row 21 has no openalex_id — skipping.
2026-04-29 15:29:55,042 [WARNING] Row 21 has no openalex_id — skipping.
2026-04-29 15:29:55,042 [WARNING] Row 22 has no openalex_id — skipping.
2026-04-29 15:29:55,042 [WARNING] Row 22 has no openalex_id — skipping.
2026-04-29 15:29:55,042 [WARNING] Row 23 has no openalex_id — skipping.
2026-04-29 15:29:55,042 [WARNING] Row 23 has no openalex_id — skipping.
2026-04-29 15:29:55,043 [WARNING] Row 24 has no openalex_id — skipping.
2026-04-29 15:29:55,043 [WARNING] Row 24 has no openalex_id — skipping.
2026-04-29 15:29:55,043 [WARNING] Row 25 has no openalex_id — skipping.
2026-04-29 15:29:55,043 [WARNING] Row 25 has no openalex_id — skipping.
2026-04-29 15:29:55,043 [WARNING] Row 26 has no openalex_id — skipping.
2026-04-29 15:29:55,043 [WARNING] Row 26 has no openalex_id — skipping.
2026-04-29 15:29:55,043 [WARNING] Row 27 has no openalex_id — skipping.
2026-04-29 15:29:55,043 [WARNING] Row 27 has no openalex_id — skipping.
2026-04-29 15:29:55,043 [WARNING] Row 31 has no openalex_id — skipping.
2026-04-29 15:29:55,043 [WARNING] Row 31 has no openalex_id — skipping.
2026-04-29 15:29:55,044 [WARNING] Row 81 has no openalex_id — skipping.
2026-04-29 15:29:55,044 [WARNING] Row 81 has no openalex_id — skipping.
2026-04-29 15:29:55,044 [WARNING] Row 90 has no openalex_id — skipping.
2026-04-29 15:29:55,044 [WARNING] Row 90 has no openalex_id — skipping.
2026-04-29 15:29:55,044 [WARNING] Row 100 has no openalex_id — skipping.
2026-04-29 15:29:55,044 [WARNING] Row 100 has no openalex_id — skipping.
2026-04-29 15:37:21,878 [INFO] Total works retrieved: 9,796
2026-04-29 15:37:21,878 [INFO] Total works retrieved: 9,796
2026-04-29 16:18:59,060 [WARNING] Row 11 has no openalex_id — skipping.
2026-04-29 16:18:59,060 [WARNING] Row 11 has no openalex_id — skipping.
2026-04-29 16:18:59,061 [WARNING] Row 12 has no openalex_id — skipping.
2026-04-29 16:18:59,061 [WARNING] Row 12 has no openalex_id — skipping.
2026-04-29 16:18:59,061 [WARNING] Row 13 has no openalex_id — skipping.
2026-04-29 16:18:59,061 [WARNING] Row 13 has no openalex_id — skipping.
2026-04-29 16:18:59,061 [WARNING] Row 14 has no openalex_id — skipping.
2026-04-29 16:18:59,061 [WARNING] Row 14 has no openalex_id — skipping.
2026-04-29 16:18:59,061 [WARNING] Row 15 has no openalex_id — skipping.
2026-04-29 16:18:59,061 [WARNING] Row 15 has no openalex_id — skipping.
2026-04-29 16:18:59,061 [WARNING] Row 16 has no openalex_id — skipping.
2026-04-29 16:18:59,061 [WARNING] Row 16 has no openalex_id — skipping.
2026-04-29 16:18:59,061 [WARNING] Row 17 has no openalex_id — skipping.
2026-04-29 16:18:59,061 [WARNING] Row 17 has no openalex_id — skipping.
2026-04-29 16:18:59,061 [WARNING] Row 18 has no openalex_id — skipping.
2026-04-29 16:18:59,061 [WARNING] Row 18 has no openalex_id — skipping.
2026-04-29 16:18:59,061 [WARNING] Row 19 has no openalex_id — skipping.
2026-04-29 16:18:59,061 [WARNING] Row 19 has no openalex_id — skipping.
2026-04-29 16:18:59,061 [WARNING] Row 20 has no openalex_id — skipping.
2026-04-29 16:18:59,061 [WARNING] Row 20 has no openalex_id — skipping.
2026-04-29 16:18:59,061 [WARNING] Row 21 has no openalex_id — skipping.
2026-04-29 16:18:59,061 [WARNING] Row 21 has no openalex_id — skipping.
2026-04-29 16:18:59,061 [WARNING] Row 22 has no openalex_id — skipping.
2026-04-29 16:18:59,061 [WARNING] Row 22 has no openalex_id — skipping.
2026-04-29 16:18:59,061 [WARNING] Row 23 has no openalex_id — skipping.
2026-04-29 16:18:59,061 [WARNING] Row 23 has no openalex_id — skipping.
2026-04-29 16:18:59,061 [WARNING] Row 24 has no openalex_id — skipping.
2026-04-29 16:18:59,061 [WARNING] Row 24 has no openalex_id — skipping.
2026-04-29 16:18:59,061 [WARNING] Row 25 has no openalex_id — skipping.
2026-04-29 16:18:59,061 [WARNING] Row 25 has no openalex_id — skipping.
2026-04-29 16:18:59,061 [WARNING] Row 26 has no openalex_id — skipping.
2026-04-29 16:18:59,061 [WARNING] Row 26 has no openalex_id — skipping.
2026-04-29 16:18:59,061 [WARNING] Row 27 has no openalex_id — skipping.
2026-04-29 16:18:59,061 [WARNING] Row 27 has no openalex_id — skipping.
2026-04-29 16:18:59,061 [WARNING] Row 31 has no openalex_id — skipping.
2026-04-29 16:18:59,061 [WARNING] Row 31 has no openalex_id — skipping.
2026-04-29 16:18:59,061 [WARNING] Row 81 has no openalex_id — skipping.
2026-04-29 16:18:59,061 [WARNING] Row 81 has no openalex_id — skipping.
2026-04-29 16:18:59,061 [WARNING] Row 90 has no openalex_id — skipping.
2026-04-29 16:18:59,061 [WARNING] Row 90 has no openalex_id — skipping.
2026-04-29 16:18:59,061 [WARNING] Row 100 has no openalex_id — skipping.
2026-04-29 16:18:59,061 [WARNING] Row 100 has no openalex_id — skipping.
2026-04-29 16:23:12,258 [INFO] Total works retrieved: 2,449
2026-04-29 16:23:12,258 [INFO] Total works retrieved: 2,449
